------------------------------------------------------------
TimeQuest Timing Analyzer Summary
------------------------------------------------------------

Type  : Slow 1200mV 85C Model Setup 'ULA_en'
Slack : -2.718
TNS   : -20.230

Type  : Slow 1200mV 85C Model Setup 'ULA_ctrl[0]'
Slack : -1.856
TNS   : -14.054

Type  : Slow 1200mV 85C Model Hold 'ULA_ctrl[0]'
Slack : -0.517
TNS   : -3.518

Type  : Slow 1200mV 85C Model Hold 'ULA_en'
Slack : 2.220
TNS   : 0.000

Type  : Slow 1200mV 85C Model Minimum Pulse Width 'ULA_ctrl[0]'
Slack : -3.000
TNS   : -3.000

Type  : Slow 1200mV 85C Model Minimum Pulse Width 'ULA_en'
Slack : -3.000
TNS   : -3.000

Type  : Slow 1200mV 0C Model Setup 'ULA_en'
Slack : -2.356
TNS   : -17.465

Type  : Slow 1200mV 0C Model Setup 'ULA_ctrl[0]'
Slack : -1.603
TNS   : -12.189

Type  : Slow 1200mV 0C Model Hold 'ULA_ctrl[0]'
Slack : -0.474
TNS   : -3.195

Type  : Slow 1200mV 0C Model Hold 'ULA_en'
Slack : 2.011
TNS   : 0.000

Type  : Slow 1200mV 0C Model Minimum Pulse Width 'ULA_ctrl[0]'
Slack : -3.000
TNS   : -3.000

Type  : Slow 1200mV 0C Model Minimum Pulse Width 'ULA_en'
Slack : -3.000
TNS   : -3.000

Type  : Fast 1200mV 0C Model Setup 'ULA_en'
Slack : -1.123
TNS   : -8.189

Type  : Fast 1200mV 0C Model Setup 'ULA_ctrl[0]'
Slack : -0.539
TNS   : -3.872

Type  : Fast 1200mV 0C Model Hold 'ULA_ctrl[0]'
Slack : -0.383
TNS   : -2.475

Type  : Fast 1200mV 0C Model Hold 'ULA_en'
Slack : 1.249
TNS   : 0.000

Type  : Fast 1200mV 0C Model Minimum Pulse Width 'ULA_ctrl[0]'
Slack : -3.000
TNS   : -3.000

Type  : Fast 1200mV 0C Model Minimum Pulse Width 'ULA_en'
Slack : -3.000
TNS   : -3.000

------------------------------------------------------------
